apiVersion: v1
kind: ServiceAccount
metadata:
  annotations: {}
  labels:
    name: adhoc-configurations-manager
  name: adhoc-configurations-manager
  namespace: syn-resource-locker
secrets:
  - name: adhoc-configurations-manager
---
apiVersion: v1
kind: Secret
metadata:
  annotations:
    kubernetes.io/service-account.name: adhoc-configurations-manager
  labels:
    name: adhoc-configurations-manager
  name: adhoc-configurations-manager
  namespace: syn-resource-locker
type: kubernetes.io/service-account-token
---
apiVersion: rbac.authorization.k8s.io/v1
kind: ClusterRoleBinding
metadata:
  annotations: {}
  labels:
    name: adhoc-configurations-manager
  name: adhoc-configurations-manager
roleRef:
  apiGroup: rbac.authorization.k8s.io
  kind: ClusterRole
  name: cluster-admin
subjects:
  - kind: ServiceAccount
    name: adhoc-configurations-manager
    namespace: syn-resource-locker
