apiVersion: v1
kind: ServiceAccount
metadata:
  name: test
  namespace: test
---
apiVersion: redhatcop.redhat.io/v1alpha1
kind: Patch
metadata:
  name: adhoc-configurations-test-patch
  namespace: syn-patch-operator
spec:
  patches:
    patch-service:
      patchTemplate: |-
        spec:
          ports:
            - protocol: TCP
      patchType: application/strategic-merge-patch+json
      targetObjectRef:
        apiVersion: v1
        kind: Service
        name: test
        namespace: test
    patch2:
      patchTemplate: 'spec: {}'
      patchType: application/strategic-merge-patch+json
      targetObjectRef:
        apiVersion: v1
        kind: Endpoints
        name: test
        namespace: test
  serviceAccountRef:
    name: adhoc-configurations-manager
---
apiVersion: redhatcop.redhat.io/v1alpha1
kind: Patch
metadata:
  name: adhoc-configurations-test2
  namespace: syn-patch-operator
spec:
  patches:
    foo:
      patchTemplate: |-
        metadata:
          annotations:
            patched: patched
      patchType: application/strategic-merge-patch+json
      targetObjectRef:
        apiVersion: v1
        kind: ServiceAccount
        name: test
        namespace: test
  serviceAccountRef:
    name: adhoc-configurations-manager
